
Discarded input sections

 .text          0x00000000        0x0 build/obj/crt0.o
 .data          0x00000000        0x0 build/obj/crt0.o
 .bss           0x00000000        0x0 build/obj/crt0.o
 .text.__early_init
                0x00000000       0x10 build/obj/crt0.o
 .text          0x00000000        0x0 build/obj/vectors.o
 .data          0x00000000        0x0 build/obj/vectors.o
 .bss           0x00000000        0x0 build/obj/vectors.o
 .text          0x00000000        0x0 build/obj/chcore.o
 .data          0x00000000        0x0 build/obj/chcore.o
 .bss           0x00000000        0x0 build/obj/chcore.o
 .text.port_halt
                0x00000000       0x10 build/obj/chcore.o
 .debug_info    0x00000000       0x93 build/obj/chcore.o
 .debug_abbrev  0x00000000       0x44 build/obj/chcore.o
 .debug_aranges
                0x00000000       0x20 build/obj/chcore.o
 .debug_ranges  0x00000000       0x10 build/obj/chcore.o
 .debug_line    0x00000000       0x61 build/obj/chcore.o
 .debug_str     0x00000000      0x149 build/obj/chcore.o
 .comment       0x00000000       0x71 build/obj/chcore.o
 .ARM.attributes
                0x00000000       0x33 build/obj/chcore.o
 .debug_frame   0x00000000       0x20 build/obj/chcore.o
 .text          0x00000000        0x0 build/obj/chcore_v7m.o
 .data          0x00000000        0x0 build/obj/chcore_v7m.o
 .bss           0x00000000        0x0 build/obj/chcore_v7m.o
 .text          0x00000000        0x0 build/obj/nvic.o
 .data          0x00000000        0x0 build/obj/nvic.o
 .bss           0x00000000        0x0 build/obj/nvic.o
 .text.nvicDisableVector
                0x00000000       0x40 build/obj/nvic.o
 .text          0x00000000        0x0 build/obj/chsys.o
 .data          0x00000000        0x0 build/obj/chsys.o
 .bss           0x00000000        0x0 build/obj/chsys.o
 .text          0x00000000        0x0 build/obj/chdebug.o
 .data          0x00000000        0x0 build/obj/chdebug.o
 .bss           0x00000000        0x0 build/obj/chdebug.o
 .debug_info    0x00000000       0x72 build/obj/chdebug.o
 .debug_abbrev  0x00000000       0x26 build/obj/chdebug.o
 .debug_aranges
                0x00000000       0x18 build/obj/chdebug.o
 .debug_line    0x00000000       0x1d build/obj/chdebug.o
 .debug_str     0x00000000      0x13a build/obj/chdebug.o
 .comment       0x00000000       0x71 build/obj/chdebug.o
 .ARM.attributes
                0x00000000       0x33 build/obj/chdebug.o
 .text          0x00000000        0x0 build/obj/chlists.o
 .data          0x00000000        0x0 build/obj/chlists.o
 .bss           0x00000000        0x0 build/obj/chlists.o
 .debug_info    0x00000000       0x72 build/obj/chlists.o
 .debug_abbrev  0x00000000       0x26 build/obj/chlists.o
 .debug_aranges
                0x00000000       0x18 build/obj/chlists.o
 .debug_line    0x00000000       0x1d build/obj/chlists.o
 .debug_str     0x00000000      0x13a build/obj/chlists.o
 .comment       0x00000000       0x71 build/obj/chlists.o
 .ARM.attributes
                0x00000000       0x33 build/obj/chlists.o
 .text          0x00000000        0x0 build/obj/chvt.o
 .data          0x00000000        0x0 build/obj/chvt.o
 .bss           0x00000000        0x0 build/obj/chvt.o
 .text.chTimeIsWithin
                0x00000000       0x30 build/obj/chvt.o
 .text          0x00000000        0x0 build/obj/chschd.o
 .data          0x00000000        0x0 build/obj/chschd.o
 .bss           0x00000000        0x0 build/obj/chschd.o
 .text.chSchRescheduleS
                0x00000000       0x20 build/obj/chschd.o
 .text          0x00000000        0x0 build/obj/chthreads.o
 .data          0x00000000        0x0 build/obj/chthreads.o
 .bss           0x00000000        0x0 build/obj/chthreads.o
 .text.chThdSetPriority
                0x00000000       0x30 build/obj/chthreads.o
 .text.chThdResume
                0x00000000       0x20 build/obj/chthreads.o
 .text.chThdTerminate
                0x00000000       0x20 build/obj/chthreads.o
 .text.chThdSleepUntil
                0x00000000       0x30 build/obj/chthreads.o
 .text.chThdYield
                0x00000000       0x30 build/obj/chthreads.o
 .text.chThdWait
                0x00000000       0x40 build/obj/chthreads.o
 .text          0x00000000        0x0 build/obj/chdynamic.o
 .data          0x00000000        0x0 build/obj/chdynamic.o
 .bss           0x00000000        0x0 build/obj/chdynamic.o
 .text.chThdAddRef
                0x00000000       0x20 build/obj/chdynamic.o
 .text.chThdRelease
                0x00000000       0x50 build/obj/chdynamic.o
 .text.chThdCreateFromHeap
                0x00000000       0x40 build/obj/chdynamic.o
 .text.chThdCreateFromMemoryPool
                0x00000000       0x50 build/obj/chdynamic.o
 .debug_info    0x00000000      0x8e2 build/obj/chdynamic.o
 .debug_abbrev  0x00000000      0x23a build/obj/chdynamic.o
 .debug_loc     0x00000000      0x2fa build/obj/chdynamic.o
 .debug_aranges
                0x00000000       0x38 build/obj/chdynamic.o
[...]
Memory Configuration

Name             Origin             Length             Attributes
flash            0x08000000         0x00100000
ram              0x20000000         0x0001c000
ethram           0x2001c000         0x00004000
ccmram           0x10000000         0x00010000
*default*        0x00000000         0xffffffff

Linker script and memory map

LOAD build/obj/crt0.o
LOAD build/obj/vectors.o
LOAD build/obj/chcore.o
LOAD build/obj/chcore_v7m.o
LOAD build/obj/nvic.o
LOAD build/obj/chsys.o
LOAD build/obj/chdebug.o
LOAD build/obj/chlists.o
LOAD build/obj/chvt.o
LOAD build/obj/chschd.o
LOAD build/obj/chthreads.o
LOAD build/obj/chdynamic.o
LOAD build/obj/chregistry.o
LOAD build/obj/chsem.o
LOAD build/obj/chmtx.o
LOAD build/obj/chcond.o
LOAD build/obj/chevents.o
LOAD build/obj/chmsg.o
LOAD build/obj/chmboxes.o
LOAD build/obj/chqueues.o
LOAD build/obj/chmemcore.o
LOAD build/obj/chheap.o
LOAD build/obj/chmempools.o
LOAD build/obj/test.o
LOAD build/obj/testthd.o
LOAD build/obj/testsem.o
LOAD build/obj/testmtx.o
LOAD build/obj/testmsg.o
LOAD build/obj/testmbox.o
LOAD build/obj/testevt.o
LOAD build/obj/testheap.o
LOAD build/obj/testpools.o
LOAD build/obj/testdyn.o
LOAD build/obj/testqueues.o
LOAD build/obj/testbmk.o
LOAD build/obj/hal.o
LOAD build/obj/adc.o
LOAD build/obj/can.o
LOAD build/obj/ext.o
LOAD build/obj/gpt.o
LOAD build/obj/i2c.o
LOAD build/obj/icu.o
LOAD build/obj/mac.o
LOAD build/obj/pal.o
LOAD build/obj/pwm.o
LOAD build/obj/sdc.o
LOAD build/obj/serial.o
LOAD build/obj/spi.o
LOAD build/obj/uart.o
LOAD build/obj/usb.o
LOAD build/obj/tm.o
LOAD build/obj/mmc_spi.o
LOAD build/obj/serial_usb.o
LOAD build/obj/rtc.o
LOAD build/obj/stm32_dma.o
LOAD build/obj/hal_lld.o
LOAD build/obj/adc_lld.o
LOAD build/obj/can_lld.o
LOAD build/obj/ext_lld.o
LOAD build/obj/gpt_lld.o
LOAD build/obj/i2c_lld.o
LOAD build/obj/icu_lld.o
LOAD build/obj/mac_lld.o
LOAD build/obj/pwm_lld.o
LOAD build/obj/serial_lld.o
LOAD build/obj/spi_lld.o
LOAD build/obj/uart_lld.o
LOAD build/obj/pal_lld.o
LOAD build/obj/board.o
LOAD build/obj/lis302dl.o
LOAD build/obj/chprintf.o
LOAD build/obj/main.o
START GROUP
LOAD /opt/ARM/bin/../lib/gcc/arm-none-eabi/4.7.3/armv7e-m/libgcc.a
LOAD /opt/ARM/bin/../lib/gcc/arm-none-eabi/4.7.3/../../../../arm-none-eabi/lib/armv7e-m/libc.a
END GROUP
                0x00000400                __main_stack_size__ = 0x400
                0x00000400                __process_stack_size__ = 0x400
                0x20000000                __ram_start__ = ORIGIN (ram)
                0x0001c000                __ram_size__ = 0x1c000
                0x2001c000                __ram_end__ = (__ram_start__ + __ram_size__)
                0x00000000                . = 0x0
                0x00000000                _text = .

startup         0x08000000      0x188
 *(vectors)
 vectors        0x08000000      0x188 build/obj/vectors.o
                0x08000000                _vectors

constructors    0x08000188        0x0
                0x08000188                PROVIDE (__init_array_start, .)
 *(SORT(.init_array.*))
 *(.init_array)
                0x08000188                PROVIDE (__init_array_end, .)

destructors     0x08000188        0x0
                0x08000188                PROVIDE (__fini_array_start, .)
 *(.fini_array)
 *(SORT(.fini_array.*))
                0x08000188                PROVIDE (__fini_array_end, .)

.text           0x08000190     0x1d8c
 *(.text.startup.*)
 .text.startup.main
                0x08000190       0x50 build/obj/main.o
                0x08000190                main
 *(.text)
 *(.text.*)
 .text.__late_init
                0x080001e0       0x10 build/obj/crt0.o
                0x080001e0                __late_init
 .text._default_exit
                0x080001f0       0x10 build/obj/crt0.o
                0x080001f0                _default_exit
 .text.ResetHandler
                0x08000200      0x1d0 build/obj/crt0.o
                0x08000200                ResetHandler
 .text._unhandled_exception
                0x080003d0       0x10 build/obj/vectors.o
                0x080003d0                Vector58
                0x080003d0                VectorE8
                0x080003d0                Vector9C
                0x080003d0                VectorAC
                0x080003d0                Vector5C
                0x080003d0                NMIVector
                0x080003d0                Vector11C
                0x080003d0                Vector8C
                0x080003d0                VectorDC
                0x080003d0                Vector168
                0x080003d0                Vector110
                0x080003d0                VectorC8
                0x080003d0                Vector94
                0x080003d0                VectorA8
                0x080003d0                VectorB4
                0x080003d0                Vector160
                0x080003d0                VectorEC
                0x080003d0                UsageFaultVector
                0x080003d0                DebugMonitorVector
                0x080003d0                Vector40
                0x080003d0                VectorF8
                0x080003d0                Vector108
                0x080003d0                VectorBC
                0x080003d0                Vector148
                0x080003d0                PendSVVector
                0x080003d0                Vector118
                0x080003d0                Vector64
                0x080003d0                VectorCC
                0x080003d0                Vector54
                0x080003d0                Vector98
                0x080003d0                Vector138
                0x080003d0                Vector24
                0x080003d0                Vector178
                0x080003d0                BusFaultVector
                0x080003d0                VectorD0
                0x080003d0                Vector140
                0x080003d0                VectorE4
                0x080003d0                VectorC0
                0x080003d0                HardFaultVector
                0x080003d0                Vector134
                0x080003d0                VectorF0
                0x080003d0                Vector13C
                0x080003d0                Vector100
                0x080003d0                VectorE0
                0x080003d0                VectorF4
                0x080003d0                MemManageVector
                0x080003d0                VectorA0
                0x080003d0                VectorC4
                0x080003d0                Vector180
                0x080003d0                VectorB0
                0x080003d0                Vector90
                0x080003d0                Vector114
                0x080003d0                Vector164
                0x080003d0                Vector60
                0x080003d0                Vector1C
                0x080003d0                Vector17C
                0x080003d0                Vector48
                0x080003d0                Vector16C
                0x080003d0                VectorD4
                0x080003d0                Vector4C
                0x080003d0                Vector144
                0x080003d0                Vector15C
                0x080003d0                Vector68
                0x080003d0                _unhandled_exception
                0x080003d0                Vector170
                0x080003d0                Vector104
                0x080003d0                Vector184
                0x080003d0                Vector10C
                0x080003d0                Vector14C
                0x080003d0                Vector50
                0x080003d0                Vector44
                0x080003d0                Vector28
                0x080003d0                Vector34
                0x080003d0                VectorA4
                0x080003d0                Vector20
                0x080003d0                Vector174
 .text._port_switch_from_isr
                0x080003e0       0x10 build/obj/chcore_v7m.o
                0x080003e0                _port_switch_from_isr
 .text.SVCallVector
                0x080003f0       0x20 build/obj/chcore_v7m.o
                0x080003f0                SVCallVector
 .text._port_init
                0x08000410       0x40 build/obj/chcore_v7m.o
                0x08000410                _port_init
 .text._port_irq_epilogue
                0x08000450       0x80 build/obj/chcore_v7m.o
                0x08000450                _port_irq_epilogue
 .text.SysTickVector
                0x080004d0       0x20 build/obj/chcore_v7m.o
                0x080004d0                SysTickVector
 .text._port_switch
                0x080004f0       0x10 build/obj/chcore_v7m.o
                0x080004f0                _port_switch
 .text._port_thread_start
                0x08000500       0x10 build/obj/chcore_v7m.o
                0x08000500                _port_thread_start
 .text.nvicEnableVector
                0x08000510       0x50 build/obj/nvic.o
                0x08000510                nvicEnableVector
 .text.nvicSetSystemHandlerPriority
                0x08000560       0x30 build/obj/nvic.o
                0x08000560                nvicSetSystemHandlerPriority
 .text._idle_thread
                0x08000590       0x20 build/obj/chsys.o
                0x08000590                _idle_thread
 .text.chSysInit
                0x080005b0       0x70 build/obj/chsys.o
                0x080005b0                chSysInit
 .text.chSysTimerHandlerI
                0x08000620       0x50 build/obj/chsys.o
                0x08000620                chSysTimerHandlerI
 .text._vt_init
                0x08000670       0x20 build/obj/chvt.o
                0x08000670                _vt_init
 .text.chVTSetI
                0x08000690       0x40 build/obj/chvt.o
                0x08000690                chVTSetI
 .text.chVTResetI
                0x080006d0       0x30 build/obj/chvt.o
                0x080006d0                chVTResetI
 .text.wakeup   0x08000700       0x50 build/obj/chschd.o
 .text._scheduler_init
                0x08000750       0x20 build/obj/chschd.o
                0x08000750                _scheduler_init
 .text.chSchReadyI
                0x08000770       0x20 build/obj/chschd.o
                0x08000770                chSchReadyI
 .text.chSchGoSleepS
                0x08000790       0x30 build/obj/chschd.o
                0x08000790                chSchGoSleepS
 .text.chSchGoSleepTimeoutS
                0x080007c0       0x40 build/obj/chschd.o
                0x080007c0                chSchGoSleepTimeoutS
 .text.chSchWakeupS
                0x08000800       0x60 build/obj/chschd.o
                0x08000800                chSchWakeupS
 .text.chSchDoReschedule
                0x08000860       0x40 build/obj/chschd.o
                0x08000860                chSchDoReschedule
 .text._thread_init
                0x080008a0       0x50 build/obj/chthreads.o
                0x080008a0                _thread_init
 .text.chThdCreateI
                0x080008f0       0x70 build/obj/chthreads.o
                0x080008f0                chThdCreateI
 .text.chThdCreateStatic
                0x08000960       0x30 build/obj/chthreads.o
                0x08000960                chThdCreateStatic
 .text.chThdSleep
                0x08000990       0x20 build/obj/chthreads.o
                0x08000990                chThdSleep
 .text.chThdExitS
                0x080009b0       0x40 build/obj/chthreads.o
                0x080009b0                chThdExitS
 .text.chThdExit
                0x080009f0       0x10 build/obj/chthreads.o
                0x080009f0                chThdExit
 .text.chMtxInit
                0x08000a00       0x10 build/obj/chmtx.o
                0x08000a00                chMtxInit
 .text.chEvtSignalFlagsI
                0x08000a10       0x30 build/obj/chevents.o
                0x08000a10                chEvtSignalFlagsI
 .text.chEvtBroadcastFlagsI
                0x08000a40       0x20 build/obj/chevents.o
                0x08000a40                chEvtBroadcastFlagsI
 .text.qwait    0x08000a60       0x30 build/obj/chqueues.o
 .text.chIQInit
                0x08000a90       0x20 build/obj/chqueues.o
                0x08000a90                chIQInit
 .text.chIQPutI
                0x08000ab0       0x50 build/obj/chqueues.o
                0x08000ab0                chIQPutI
 .text.chIQGetTimeout
                0x08000b00       0x50 build/obj/chqueues.o
                0x08000b00                chIQGetTimeout
 .text.chIQReadTimeout
                0x08000b50       0x80 build/obj/chqueues.o
                0x08000b50                chIQReadTimeout
 .text.chOQInit
                0x08000bd0       0x20 build/obj/chqueues.o
                0x08000bd0                chOQInit
 .text.chOQPutTimeout
                0x08000bf0       0x50 build/obj/chqueues.o
                0x08000bf0                chOQPutTimeout
 .text.chOQGetI
                0x08000c40       0x50 build/obj/chqueues.o
                0x08000c40                chOQGetI
 .text.chOQWriteTimeout
                0x08000c90       0x80 build/obj/chqueues.o
                0x08000c90                chOQWriteTimeout
 .text._core_init
                0x08000d10       0x30 build/obj/chmemcore.o
                0x08000d10                _core_init
 .text.chCoreAlloc
                0x08000d40       0x40 build/obj/chmemcore.o
                0x08000d40                chCoreAlloc
 .text._heap_init
                0x08000d80       0x20 build/obj/chheap.o
                0x08000d80                _heap_init
 .text.halInit  0x08000da0       0x30 build/obj/hal.o
                0x08000da0                halInit
 .text.adcInit  0x08000dd0       0x10 build/obj/adc.o
                0x08000dd0                adcInit
 .text.adcObjectInit
                0x08000de0       0x20 build/obj/adc.o
                0x08000de0                adcObjectInit
 .text.pwmInit  0x08000e00       0x10 build/obj/pwm.o
                0x08000e00                pwmInit
 .text.pwmObjectInit
                0x08000e10       0x10 build/obj/pwm.o
                0x08000e10                pwmObjectInit
 .text.putwouldblock
                0x08000e20       0x10 build/obj/serial.o
 .text.getwouldblock
                0x08000e30       0x10 build/obj/serial.o
 .text.getflags
                0x08000e40       0x20 build/obj/serial.o
 .text.readt    0x08000e60       0x10 build/obj/serial.o
 .text.reads    0x08000e70       0x10 build/obj/serial.o
 .text.writet   0x08000e80       0x10 build/obj/serial.o
 .text.writes   0x08000e90       0x10 build/obj/serial.o
 .text.gett     0x08000ea0       0x10 build/obj/serial.o
 .text.putt     0x08000eb0       0x10 build/obj/serial.o
 .text.sdInit   0x08000ec0       0x10 build/obj/serial.o
                0x08000ec0                sdInit
 .text.sdObjectInit
                0x08000ed0       0x50 build/obj/serial.o
                0x08000ed0                sdObjectInit
 .text.sdIncomingDataI
                0x08000f20       0x50 build/obj/serial.o
                0x08000f20                sdIncomingDataI
 .text.spiInit  0x08000f70       0x10 build/obj/spi.o
                0x08000f70                spiInit
 .text.spiObjectInit
                0x08000f80       0x10 build/obj/spi.o
                0x08000f80                spiObjectInit
 .text.Vector6C
                0x08000f90       0x30 build/obj/stm32_dma.o
                0x08000f90                Vector6C
 .text.Vector70
                0x08000fc0       0x30 build/obj/stm32_dma.o
                0x08000fc0                Vector70
 .text.Vector74
                0x08000ff0       0x30 build/obj/stm32_dma.o
                0x08000ff0                Vector74
 .text.Vector78
                0x08001020       0x30 build/obj/stm32_dma.o
                0x08001020                Vector78
 .text.Vector7C
                0x08001050       0x30 build/obj/stm32_dma.o
                0x08001050                Vector7C
 .text.Vector80
                0x08001080       0x30 build/obj/stm32_dma.o
                0x08001080                Vector80
 .text.Vector84
                0x080010b0       0x30 build/obj/stm32_dma.o
                0x080010b0                Vector84
 .text.VectorFC
                0x080010e0       0x30 build/obj/stm32_dma.o
                0x080010e0                VectorFC
 .text.Vector120
                0x08001110       0x30 build/obj/stm32_dma.o
                0x08001110                Vector120
 .text.Vector124
                0x08001140       0x30 build/obj/stm32_dma.o
                0x08001140                Vector124
 .text.Vector128
                0x08001170       0x30 build/obj/stm32_dma.o
                0x08001170                Vector128
 .text.Vector12C
                0x080011a0       0x30 build/obj/stm32_dma.o
                0x080011a0                Vector12C
 .text.Vector130
                0x080011d0       0x30 build/obj/stm32_dma.o
                0x080011d0                Vector130
 .text.Vector150
                0x08001200       0x30 build/obj/stm32_dma.o
                0x08001200                Vector150
 .text.Vector154
                0x08001230       0x30 build/obj/stm32_dma.o
                0x08001230                Vector154
 .text.Vector158
                0x08001260       0x30 build/obj/stm32_dma.o
                0x08001260                Vector158
 .text.dmaInit  0x08001290      0x140 build/obj/stm32_dma.o
                0x08001290                dmaInit
 .text.hal_lld_init
                0x080013d0       0xd0 build/obj/hal_lld.o
                0x080013d0                hal_lld_init
 .text.stm32_clock_init
                0x080014a0       0xe0 build/obj/hal_lld.o
                0x080014a0                stm32_clock_init
 .text.adc_lld_init
                0x08001580       0x90 build/obj/adc_lld.o
                0x08001580                adc_lld_init
 .text.adc_lld_stop_conversion
                0x08001610       0x30 build/obj/adc_lld.o
                0x08001610                adc_lld_stop_conversion
 .text.Vector88
                0x08001640      0x150 build/obj/adc_lld.o
                0x08001640                Vector88
 .text.VectorB8
                0x08001790       0x80 build/obj/pwm_lld.o
                0x08001790                VectorB8
 .text.pwm_lld_init
                0x08001810       0x20 build/obj/pwm_lld.o
                0x08001810                pwm_lld_init
 .text.notify2  0x08001830       0x20 build/obj/serial_lld.o
 .text.VectorD8
                0x08001850      0x160 build/obj/serial_lld.o
                0x08001850                VectorD8
 .text.sd_lld_init
                0x080019b0       0x30 build/obj/serial_lld.o
                0x080019b0                sd_lld_init
 .text.spi_lld_init
                0x080019e0       0x80 build/obj/spi_lld.o
                0x080019e0                spi_lld_init
 .text._pal_lld_init
                0x08001a60      0x1b0 build/obj/pal_lld.o
                0x08001a60                _pal_lld_init
 .text._pal_lld_setgroupmode
                0x08001c10       0xd0 build/obj/pal_lld.o
                0x08001c10                _pal_lld_setgroupmode
 .text.__early_init
                0x08001ce0       0x10 build/obj/board.o
                0x08001ce0                __early_init
 .text.boardInit
                0x08001cf0       0x10 build/obj/board.o
                0x08001cf0                boardInit
 *(.rodata)
 *(.rodata.*)
 .rodata.str1.4
                0x08001d00        0x8 build/obj/chsys.o
 *fill*         0x08001d08        0x8 00
 .rodata.ch_debug
                0x08001d10       0x18 build/obj/chregistry.o
                0x08001d10                ch_debug
 *fill*         0x08001d28        0x8 00
 .rodata.vmt    0x08001d30       0x24 build/obj/serial.o
 *fill*         0x08001d54        0xc 00
 .rodata._stm32_dma_streams
                0x08001d60       0xc0 build/obj/stm32_dma.o
                0x08001d60                _stm32_dma_streams
 .rodata.pal_default_config
                0x08001e20       0xfc build/obj/board.o
                0x08001e20                pal_default_config
 *(.glue_7t)
 .glue_7t       0x00000000        0x0 linker stubs
 *(.glue_7)
 .glue_7        0x00000000        0x0 linker stubs
 *(.gcc*)

.vfp11_veneer   0x08001f1c        0x0
 .vfp11_veneer  0x00000000        0x0 linker stubs

.v4_bx          0x08001f1c        0x0
 .v4_bx         0x00000000        0x0 linker stubs

.iplt           0x08001f1c        0x0
 .iplt          0x00000000        0x0 build/obj/crt0.o

.rel.dyn        0x08001f1c        0x0
 .rel.iplt      0x00000000        0x0 build/obj/crt0.o

.ARM.extab
 *(.ARM.extab* .gnu.linkonce.armextab.*)

.ARM.exidx      0x08001f1c        0x0
                0x08001f1c                PROVIDE (__exidx_start, .)
 *(.ARM.exidx* .gnu.linkonce.armexidx.*)
                0x08001f1c                PROVIDE (__exidx_end, .)

.eh_frame_hdr
 *(.eh_frame_hdr)

.eh_frame
 *(.eh_frame)

.textalign      0x08001f1c        0x4
                0x08001f20                . = ALIGN (0x8)
 *fill*         0x08001f1c        0x4 00
                0x08001f20                _etext = .
                0x08001f20                _textdata = _etext

.stacks         0x20000000      0x800
                0x20000000                . = ALIGN (0x8)
                0x20000000                __main_stack_base__ = .
                0x20000400                . = (. + __main_stack_size__)
 *fill*         0x20000000      0x400 00
                0x20000400                . = ALIGN (0x8)
                0x20000400                __main_stack_end__ = .
                0x20000400                __process_stack_base__ = .
                0x20000400                __main_thread_stack_base__ = .
                0x20000800                . = (. + __process_stack_size__)
 *fill*         0x20000400      0x400 00
                0x20000800                . = ALIGN (0x8)
                0x20000800                __process_stack_end__ = .
                0x20000800                __main_thread_stack_end__ = .

.data           0x20000800        0x0 load address 0x08001f20
                0x20000800                . = ALIGN (0x4)
                0x20000800                PROVIDE (_data, .)
 *(.data)
                0x20000800                . = ALIGN (0x4)
 *(.data.*)
                0x20000800                . = ALIGN (0x4)
 *(.ramtext)
                0x20000800                . = ALIGN (0x4)
                0x20000800                PROVIDE (_edata, .)

.igot.plt       0x20000800        0x0 load address 0x08001f20
 .igot.plt      0x00000000        0x0 build/obj/crt0.o

.bss            0x20000800      0x36c load address 0x08001f20
                0x20000800                . = ALIGN (0x4)
                0x20000800                PROVIDE (_bss_start, .)
 *(.bss)
                0x20000800                . = ALIGN (0x4)
 *(.bss.*)
 .bss.mainthread.4819
                0x20000800       0x48 build/obj/chsys.o
 .bss._idle_thread_wa
                0x20000848       0xc0 build/obj/chsys.o
                0x20000848                _idle_thread_wa
 .bss.vtlist    0x20000908       0x10 build/obj/chvt.o
                0x20000908                vtlist
 .bss.rlist     0x20000918       0x20 build/obj/chschd.o
                0x20000918                rlist
 .bss.endmem    0x20000938        0x4 build/obj/chmemcore.o
 .bss.nextmem   0x2000093c        0x4 build/obj/chmemcore.o
 .bss.default_heap
                0x20000940       0x20 build/obj/chheap.o
 .bss.dma_isr_redir
                0x20000960       0x80 build/obj/stm32_dma.o
 .bss.dma_streams_mask
                0x200009e0        0x4 build/obj/stm32_dma.o
 .bss.ADCD1     0x200009e4       0x34 build/obj/adc_lld.o
                0x200009e4                ADCD1
 .bss.ADCD2     0x20000a18       0x34 build/obj/adc_lld.o
                0x20000a18                ADCD2
 .bss.ADCD3     0x20000a4c       0x34 build/obj/adc_lld.o
                0x20000a4c                ADCD3
 .bss.PWMD4     0x20000a80       0x14 build/obj/pwm_lld.o
                0x20000a80                PWMD4
 .bss.SD2       0x20000a94       0x74 build/obj/serial_lld.o
                0x20000a94                SD2
 .bss.dummytx   0x20000b08        0x2 build/obj/spi_lld.o
 *fill*         0x20000b0a        0x2 00
 .bss.SPID1     0x20000b0c       0x30 build/obj/spi_lld.o
                0x20000b0c                SPID1
 .bss.SPID2     0x20000b3c       0x30 build/obj/spi_lld.o
                0x20000b3c                SPID2
                0x20000b6c                . = ALIGN (0x4)
 *(COMMON)
                0x20000b6c                . = ALIGN (0x4)
                0x20000b6c                PROVIDE (_bss_end, .)
                0x20000b6c                PROVIDE (end, .)
                0x20000b6c                _end = .
                0x20000b6c                __heap_base__ = _end
                0x2001c000                __heap_end__ = __ram_end__
OUTPUT(build/ch.elf elf32-littlearm)

.debug_info     0x00000000     0xff71
 .debug_info    0x00000000      0x2b3 build/obj/crt0.o
 .debug_info    0x000002b3      0x1e9 build/obj/vectors.o
 .debug_info    0x0000049c      0x896 build/obj/chcore_v7m.o
 .debug_info    0x00000d32      0x44e build/obj/nvic.o
 .debug_info    0x00001180      0x86c build/obj/chsys.o
 .debug_info    0x000019ec      0x275 build/obj/chvt.o
 .debug_info    0x00001c61      0x8fe build/obj/chschd.o
 .debug_info    0x0000255f      0xc42 build/obj/chthreads.o
 .debug_info    0x000031a1      0x67c build/obj/chregistry.o
 .debug_info    0x0000381d      0xa44 build/obj/chmtx.o
 .debug_info    0x00004261      0xd65 build/obj/chevents.o
 .debug_info    0x00004fc6      0xc46 build/obj/chqueues.o
 .debug_info    0x00005c0c      0x228 build/obj/chmemcore.o
 .debug_info    0x00005e34      0x718 build/obj/chheap.o
 .debug_info    0x0000654c      0x401 build/obj/hal.o
 .debug_info    0x0000694d      0xeff build/obj/adc.o
 .debug_info    0x0000784c      0x768 build/obj/pwm.o
 .debug_info    0x00007fb4     0x1194 build/obj/serial.o
 .debug_info    0x00009148     0x11fe build/obj/spi.o
 .debug_info    0x0000a346      0xb1f build/obj/stm32_dma.o
 .debug_info    0x0000ae65      0x4da build/obj/hal_lld.o
 .debug_info    0x0000b33f     0x139e build/obj/adc_lld.o
 .debug_info    0x0000c6dd      0xaeb build/obj/pwm_lld.o
 .debug_info    0x0000d1c8     0x129c build/obj/serial_lld.o
 .debug_info    0x0000e464      0xf3a build/obj/spi_lld.o
 .debug_info    0x0000f39e      0x742 build/obj/pal_lld.o
 .debug_info    0x0000fae0      0x20e build/obj/board.o
 .debug_info    0x0000fcee      0x283 build/obj/main.o

.debug_abbrev   0x00000000     0x3c6f
 .debug_abbrev  0x00000000       0xdc build/obj/crt0.o
 .debug_abbrev  0x000000dc       0xb1 build/obj/vectors.o
 .debug_abbrev  0x0000018d      0x1fe build/obj/chcore_v7m.o
 .debug_abbrev  0x0000038b       0xf2 build/obj/nvic.o
 .debug_abbrev  0x0000047d      0x220 build/obj/chsys.o
 .debug_abbrev  0x0000069d      0x15e build/obj/chvt.o
 .debug_abbrev  0x000007fb      0x346 build/obj/chschd.o
 .debug_abbrev  0x00000b41      0x368 build/obj/chthreads.o
 .debug_abbrev  0x00000ea9      0x197 build/obj/chregistry.o
 .debug_abbrev  0x00001040      0x316 build/obj/chmtx.o
 .debug_abbrev  0x00001356      0x310 build/obj/chevents.o
 .debug_abbrev  0x00001666      0x34c build/obj/chqueues.o
 .debug_abbrev  0x000019b2      0x16c build/obj/chmemcore.o
 .debug_abbrev  0x00001b1e      0x210 build/obj/chheap.o
 .debug_abbrev  0x00001d2e      0x1db build/obj/hal.o
 .debug_abbrev  0x00001f09      0x311 build/obj/adc.o
 .debug_abbrev  0x0000221a      0x1e3 build/obj/pwm.o
 .debug_abbrev  0x000023fd      0x2d3 build/obj/serial.o
 .debug_abbrev  0x000026d0      0x2ac build/obj/spi.o
 .debug_abbrev  0x0000297c      0x221 build/obj/stm32_dma.o
 .debug_abbrev  0x00002b9d      0x12d build/obj/hal_lld.o
 .debug_abbrev  0x00002cca      0x2fe build/obj/adc_lld.o
 .debug_abbrev  0x00002fc8      0x285 build/obj/pwm_lld.o
 .debug_abbrev  0x0000324d      0x337 build/obj/serial_lld.o
 .debug_abbrev  0x00003584      0x31a build/obj/spi_lld.o
 .debug_abbrev  0x0000389e      0x1c6 build/obj/pal_lld.o
 .debug_abbrev  0x00003a64       0xe5 build/obj/board.o
 .debug_abbrev  0x00003b49      0x126 build/obj/main.o

.debug_aranges  0x00000000      0x8d8
 .debug_aranges
                0x00000000       0x38 build/obj/crt0.o
 .debug_aranges
                0x00000038       0x20 build/obj/vectors.o
 .debug_aranges
                0x00000058       0x50 build/obj/chcore_v7m.o
 .debug_aranges
                0x000000a8       0x30 build/obj/nvic.o
 .debug_aranges
                0x000000d8       0x30 build/obj/chsys.o
 .debug_aranges
                0x00000108       0x38 build/obj/chvt.o
 .debug_aranges
                0x00000140       0x58 build/obj/chschd.o
 .debug_aranges
                0x00000198       0x78 build/obj/chthreads.o
 .debug_aranges
                0x00000210       0x28 build/obj/chregistry.o
 .debug_aranges
                0x00000238       0x58 build/obj/chmtx.o
 .debug_aranges
                0x00000290       0x90 build/obj/chevents.o
 .debug_aranges
                0x00000320       0x70 build/obj/chqueues.o
 .debug_aranges
                0x00000390       0x38 build/obj/chmemcore.o
 .debug_aranges
                0x000003c8       0x40 build/obj/chheap.o
 .debug_aranges
                0x00000408       0x30 build/obj/hal.o
 .debug_aranges
                0x00000438       0x70 build/obj/adc.o
 .debug_aranges
                0x000004a8       0x50 build/obj/pwm.o
 .debug_aranges
                0x000004f8       0x90 build/obj/serial.o
 .debug_aranges
                0x00000588       0x98 build/obj/spi.o
 .debug_aranges
                0x00000620       0xb0 build/obj/stm32_dma.o
 .debug_aranges
                0x000006d0       0x28 build/obj/hal_lld.o
 .debug_aranges
                0x000006f8       0x70 build/obj/adc_lld.o
 .debug_aranges
                0x00000768       0x48 build/obj/pwm_lld.o
 .debug_aranges
                0x000007b0       0x40 build/obj/serial_lld.o
 .debug_aranges
                0x000007f0       0x78 build/obj/spi_lld.o
 .debug_aranges
                0x00000868       0x28 build/obj/pal_lld.o
 .debug_aranges
                0x00000890       0x28 build/obj/board.o
 .debug_aranges
                0x000008b8       0x20 build/obj/main.o

.debug_ranges   0x00000000      0xfa0
 .debug_ranges  0x00000000       0xe0 build/obj/crt0.o
 .debug_ranges  0x000000e0       0x10 build/obj/vectors.o
 .debug_ranges  0x000000f0       0x58 build/obj/chcore_v7m.o
 .debug_ranges  0x00000148       0x20 build/obj/nvic.o
 .debug_ranges  0x00000168       0x20 build/obj/chsys.o
 .debug_ranges  0x00000188       0x28 build/obj/chvt.o
 .debug_ranges  0x000001b0      0x110 build/obj/chschd.o
 .debug_ranges  0x000002c0       0xc8 build/obj/chthreads.o
 .debug_ranges  0x00000388       0x30 build/obj/chregistry.o
 .debug_ranges  0x000003b8      0x228 build/obj/chmtx.o
 .debug_ranges  0x000005e0       0xc8 build/obj/chevents.o
 .debug_ranges  0x000006a8       0xd8 build/obj/chqueues.o
 .debug_ranges  0x00000780       0x28 build/obj/chmemcore.o
 .debug_ranges  0x000007a8       0x30 build/obj/chheap.o
 .debug_ranges  0x000007d8       0x50 build/obj/hal.o
 .debug_ranges  0x00000828       0xf0 build/obj/adc.o
 .debug_ranges  0x00000918       0x70 build/obj/pwm.o
 .debug_ranges  0x00000988       0xb0 build/obj/serial.o
 .debug_ranges  0x00000a38      0x130 build/obj/spi.o
 .debug_ranges  0x00000b68       0xa0 build/obj/stm32_dma.o
 .debug_ranges  0x00000c08       0x30 build/obj/hal_lld.o
 .debug_ranges  0x00000c38       0x60 build/obj/adc_lld.o
 .debug_ranges  0x00000c98       0x68 build/obj/pwm_lld.o
 .debug_ranges  0x00000d00       0xa8 build/obj/serial_lld.o
 .debug_ranges  0x00000da8       0x68 build/obj/spi_lld.o
 .debug_ranges  0x00000e10      0x168 build/obj/pal_lld.o
 .debug_ranges  0x00000f78       0x18 build/obj/board.o
 .debug_ranges  0x00000f90       0x10 build/obj/main.o

.debug_line     0x00000000     0x498c
 .debug_line    0x00000000      0x14e build/obj/crt0.o
 .debug_line    0x0000014e       0xc6 build/obj/vectors.o
 .debug_line    0x00000214      0x211 build/obj/chcore_v7m.o
 .debug_line    0x00000425      0x105 build/obj/nvic.o
 .debug_line    0x0000052a      0x207 build/obj/chsys.o
 .debug_line    0x00000731      0x181 build/obj/chvt.o
 .debug_line    0x000008b2      0x2be build/obj/chschd.o
 .debug_line    0x00000b70      0x346 build/obj/chthreads.o
 .debug_line    0x00000eb6      0x1d8 build/obj/chregistry.o
 .debug_line    0x0000108e      0x360 build/obj/chmtx.o
 .debug_line    0x000013ee      0x301 build/obj/chevents.o
 .debug_line    0x000016ef      0x397 build/obj/chqueues.o
 .debug_line    0x00001a86      0x144 build/obj/chmemcore.o
 .debug_line    0x00001bca      0x273 build/obj/chheap.o
 .debug_line    0x00001e3d      0x2c5 build/obj/hal.o
 .debug_line    0x00002102      0x38a build/obj/adc.o
 .debug_line    0x0000248c      0x1e3 build/obj/pwm.o
 .debug_line    0x0000266f      0x3cd build/obj/serial.o
 .debug_line    0x00002a3c      0x402 build/obj/spi.o
 .debug_line    0x00002e3e      0x415 build/obj/stm32_dma.o
 .debug_line    0x00003253      0x1f0 build/obj/hal_lld.o
 .debug_line    0x00003443      0x4ea build/obj/adc_lld.o
 .debug_line    0x0000392d      0x2e6 build/obj/pwm_lld.o
 .debug_line    0x00003c13      0x386 build/obj/serial_lld.o
 .debug_line    0x00003f99      0x498 build/obj/spi_lld.o
 .debug_line    0x00004431      0x1f8 build/obj/pal_lld.o
 .debug_line    0x00004629      0x194 build/obj/board.o
 .debug_line    0x000047bd      0x1cf build/obj/main.o

.debug_str      0x00000000     0x264e
 .debug_str     0x00000000      0x226 build/obj/crt0.o
                                0x25f (size before relaxing)
 .debug_str     0x00000226      0x144 build/obj/vectors.o
                                0x276 (size before relaxing)
 .debug_str     0x0000036a      0x2e6 build/obj/chcore_v7m.o
                                0x41a (size before relaxing)
 .debug_str     0x00000650       0xac build/obj/nvic.o
                                0x248 (size before relaxing)
 .debug_str     0x000006fc      0x213 build/obj/chsys.o
                                0x4f2 (size before relaxing)
 .debug_str     0x0000090f       0x5a build/obj/chvt.o
                                0x1ed (size before relaxing)
 .debug_str     0x00000969       0xb4 build/obj/chschd.o
                                0x3f2 (size before relaxing)
 .debug_str     0x00000a1d       0xe1 build/obj/chthreads.o
                                0x48c (size before relaxing)
 .debug_str     0x00000afe       0x50 build/obj/chregistry.o
                                0x415 (size before relaxing)
 .debug_str     0x00000b4e       0x98 build/obj/chmtx.o
                                0x3ac (size before relaxing)
 .debug_str     0x00000be6      0x187 build/obj/chevents.o
                                0x48a (size before relaxing)
 .debug_str     0x00000d6d      0x12d build/obj/chqueues.o
                                0x42b (size before relaxing)
 .debug_str     0x00000e9a       0x7e build/obj/chmemcore.o
                                0x1b4 (size before relaxing)
 .debug_str     0x00000f18       0xc1 build/obj/chheap.o
                                0x380 (size before relaxing)
 .debug_str     0x00000fd9      0x18c build/obj/hal.o
                                0x2c0 (size before relaxing)
 .debug_str     0x00001165      0x307 build/obj/adc.o
                                0x656 (size before relaxing)
 .debug_str     0x0000146c      0x223 build/obj/pwm.o
                                0x38b (size before relaxing)
 .debug_str     0x0000168f      0x212 build/obj/serial.o
                                0x618 (size before relaxing)
 .debug_str     0x000018a1      0x289 build/obj/spi.o
                                0x65d (size before relaxing)
 .debug_str     0x00001b2a      0x73b build/obj/stm32_dma.o
                                0x96d (size before relaxing)
 .debug_str     0x00002265       0xc5 build/obj/hal_lld.o
                                0x357 (size before relaxing)
 .debug_str     0x0000232a       0xe8 build/obj/adc_lld.o
                                0xc75 (size before relaxing)
 .debug_str     0x00002412       0x5e build/obj/pwm_lld.o
                                0x9ac (size before relaxing)
 .debug_str     0x00002470       0x6b build/obj/serial_lld.o
                                0xb56 (size before relaxing)
 .debug_str     0x000024db       0xbc build/obj/spi_lld.o
                                0x6da (size before relaxing)
 .debug_str     0x00002597       0x78 build/obj/pal_lld.o
                                0x3a8 (size before relaxing)
 .debug_str     0x0000260f       0x38 build/obj/board.o
                                0x220 (size before relaxing)
 .debug_str     0x00002647        0x7 build/obj/main.o
                                0x1e1 (size before relaxing)

.comment        0x00000000       0x70
 .comment       0x00000000       0x70 build/obj/crt0.o
                                 0x71 (size before relaxing)
 .comment       0x00000000       0x71 build/obj/vectors.o
 .comment       0x00000000       0x71 build/obj/chcore_v7m.o
 .comment       0x00000000       0x71 build/obj/nvic.o
 .comment       0x00000000       0x71 build/obj/chsys.o
 .comment       0x00000000       0x71 build/obj/chvt.o
 .comment       0x00000000       0x71 build/obj/chschd.o
 .comment       0x00000000       0x71 build/obj/chthreads.o
 .comment       0x00000000       0x71 build/obj/chregistry.o
 .comment       0x00000000       0x71 build/obj/chmtx.o
 .comment       0x00000000       0x71 build/obj/chevents.o
 .comment       0x00000000       0x71 build/obj/chqueues.o
 .comment       0x00000000       0x71 build/obj/chmemcore.o
 .comment       0x00000000       0x71 build/obj/chheap.o
 .comment       0x00000000       0x71 build/obj/hal.o
 .comment       0x00000000       0x71 build/obj/adc.o
 .comment       0x00000000       0x71 build/obj/pwm.o
 .comment       0x00000000       0x71 build/obj/serial.o
 .comment       0x00000000       0x71 build/obj/spi.o
 .comment       0x00000000       0x71 build/obj/stm32_dma.o
 .comment       0x00000000       0x71 build/obj/hal_lld.o
 .comment       0x00000000       0x71 build/obj/adc_lld.o
 .comment       0x00000000       0x71 build/obj/pwm_lld.o
 .comment       0x00000000       0x71 build/obj/serial_lld.o
 .comment       0x00000000       0x71 build/obj/spi_lld.o
 .comment       0x00000000       0x71 build/obj/pal_lld.o
 .comment       0x00000000       0x71 build/obj/board.o
 .comment       0x00000000       0x71 build/obj/main.o

.ARM.attributes
                0x00000000       0x33
 .ARM.attributes
                0x00000000       0x33 build/obj/crt0.o
 .ARM.attributes
                0x00000033       0x33 build/obj/vectors.o
 .ARM.attributes
                0x00000066       0x33 build/obj/chcore_v7m.o
 .ARM.attributes
                0x00000099       0x33 build/obj/nvic.o
 .ARM.attributes
                0x000000cc       0x33 build/obj/chsys.o
 .ARM.attributes
                0x000000ff       0x33 build/obj/chvt.o
 .ARM.attributes
                0x00000132       0x33 build/obj/chschd.o
 .ARM.attributes
                0x00000165       0x33 build/obj/chthreads.o
 .ARM.attributes
                0x00000198       0x33 build/obj/chregistry.o
 .ARM.attributes
                0x000001cb       0x33 build/obj/chmtx.o
 .ARM.attributes
                0x000001fe       0x33 build/obj/chevents.o
 .ARM.attributes
                0x00000231       0x33 build/obj/chqueues.o
 .ARM.attributes
                0x00000264       0x33 build/obj/chmemcore.o
 .ARM.attributes
                0x00000297       0x33 build/obj/chheap.o
 .ARM.attributes
                0x000002ca       0x33 build/obj/hal.o
 .ARM.attributes
                0x000002fd       0x33 build/obj/adc.o
 .ARM.attributes
                0x00000330       0x33 build/obj/pwm.o
 .ARM.attributes
                0x00000363       0x33 build/obj/serial.o
 .ARM.attributes
                0x00000396       0x33 build/obj/spi.o
 .ARM.attributes
                0x000003c9       0x33 build/obj/stm32_dma.o
 .ARM.attributes
                0x000003fc       0x33 build/obj/hal_lld.o
 .ARM.attributes
                0x0000042f       0x33 build/obj/adc_lld.o
 .ARM.attributes
                0x00000462       0x33 build/obj/pwm_lld.o
 .ARM.attributes
                0x00000495       0x33 build/obj/serial_lld.o
 .ARM.attributes
                0x000004c8       0x33 build/obj/spi_lld.o
 .ARM.attributes
                0x000004fb       0x33 build/obj/pal_lld.o
 .ARM.attributes
                0x0000052e       0x33 build/obj/board.o
 .ARM.attributes
                0x00000561       0x33 build/obj/main.o

.debug_frame    0x00000000     0x156c
 .debug_frame   0x00000000       0x50 build/obj/crt0.o
 .debug_frame   0x00000050       0x20 build/obj/vectors.o
 .debug_frame   0x00000070       0x98 build/obj/chcore_v7m.o
 .debug_frame   0x00000108       0x64 build/obj/nvic.o
 .debug_frame   0x0000016c       0x5c build/obj/chsys.o
 .debug_frame   0x000001c8       0x5c build/obj/chvt.o
 .debug_frame   0x00000224       0xc8 build/obj/chschd.o
 .debug_frame   0x000002ec      0x160 build/obj/chthreads.o
 .debug_frame   0x0000044c       0x3c build/obj/chregistry.o
 .debug_frame   0x00000488       0xe4 build/obj/chmtx.o
 .debug_frame   0x0000056c      0x1c0 build/obj/chevents.o
 .debug_frame   0x0000072c      0x170 build/obj/chqueues.o
 .debug_frame   0x0000089c       0x50 build/obj/chmemcore.o
 .debug_frame   0x000008ec       0x98 build/obj/chheap.o
 .debug_frame   0x00000984       0x4c build/obj/hal.o
 .debug_frame   0x000009d0      0x118 build/obj/adc.o
 .debug_frame   0x00000ae8       0xb0 build/obj/pwm.o
 .debug_frame   0x00000b98      0x148 build/obj/serial.o
 .debug_frame   0x00000ce0      0x1a8 build/obj/spi.o
 .debug_frame   0x00000e88      0x244 build/obj/stm32_dma.o
 .debug_frame   0x000010cc       0x3c build/obj/hal_lld.o
 .debug_frame   0x00001108      0x12c build/obj/adc_lld.o
 .debug_frame   0x00001234       0xb0 build/obj/pwm_lld.o
 .debug_frame   0x000012e4       0x94 build/obj/serial_lld.o
 .debug_frame   0x00001378      0x148 build/obj/spi_lld.o
 .debug_frame   0x000014c0       0x4c build/obj/pal_lld.o
 .debug_frame   0x0000150c       0x30 build/obj/board.o
 .debug_frame   0x0000153c       0x30 build/obj/main.o

.debug_loc      0x00000000     0x53c3
 .debug_loc     0x00000000      0x10c build/obj/chcore_v7m.o
 .debug_loc     0x0000010c      0x1ca build/obj/nvic.o
 .debug_loc     0x000002d6       0xb1 build/obj/chsys.o
 .debug_loc     0x00000387      0x10b build/obj/chvt.o
 .debug_loc     0x00000492      0x2af build/obj/chschd.o
 .debug_loc     0x00000741      0x519 build/obj/chthreads.o
 .debug_loc     0x00000c5a       0xb7 build/obj/chregistry.o
 .debug_loc     0x00000d11      0x4c2 build/obj/chmtx.o
 .debug_loc     0x000011d3      0x8b6 build/obj/chevents.o
 .debug_loc     0x00001a89      0x884 build/obj/chqueues.o
 .debug_loc     0x0000230d      0x114 build/obj/chmemcore.o
 .debug_loc     0x00002421      0x318 build/obj/chheap.o
 .debug_loc     0x00002739       0x94 build/obj/hal.o
 .debug_loc     0x000027cd      0x523 build/obj/adc.o
 .debug_loc     0x00002cf0      0x28f build/obj/pwm.o
 .debug_loc     0x00002f7f      0x558 build/obj/serial.o
 .debug_loc     0x000034d7      0x793 build/obj/spi.o
 .debug_loc     0x00003c6a      0x58a build/obj/stm32_dma.o
 .debug_loc     0x000041f4       0x20 build/obj/hal_lld.o
 .debug_loc     0x00004214      0x44b build/obj/adc_lld.o
 .debug_loc     0x0000465f      0x2e3 build/obj/pwm_lld.o
 .debug_loc     0x00004942      0x337 build/obj/serial_lld.o
 .debug_loc     0x00004c79      0x443 build/obj/spi_lld.o
 .debug_loc     0x000050bc      0x2e7 build/obj/pal_lld.o
 .debug_loc     0x000053a3       0x20 build/obj/main.o

Cross Reference Table

Symbol                                            File
ADCD1                                             build/obj/adc_lld.o
ADCD2                                             build/obj/adc_lld.o
ADCD3                                             build/obj/adc_lld.o
BusFaultVector                                    build/obj/vectors.o
DebugMonitorVector                                build/obj/vectors.o
HardFaultVector                                   build/obj/vectors.o
MemManageVector                                   build/obj/vectors.o
NMIVector                                         build/obj/vectors.o
PWMD4                                             build/obj/pwm_lld.o
PendSVVector                                      build/obj/vectors.o
ResetHandler                                      build/obj/crt0.o
                                                  build/obj/vectors.o
SD2                                               build/obj/serial_lld.o
SPID1                                             build/obj/spi_lld.o
SPID2                                             build/obj/spi_lld.o
SVCallVector                                      build/obj/chcore_v7m.o
                                                  build/obj/vectors.o
SysTickVector                                     build/obj/chcore_v7m.o
                                                  build/obj/vectors.o
TestThread                                        build/obj/test.o
UsageFaultVector                                  build/obj/vectors.o
Vector100                                         build/obj/vectors.o
Vector104                                         build/obj/vectors.o
Vector108                                         build/obj/vectors.o
Vector10C                                         build/obj/vectors.o
Vector110                                         build/obj/vectors.o
Vector114                                         build/obj/vectors.o
Vector118                                         build/obj/vectors.o
Vector11C                                         build/obj/vectors.o
Vector120                                         build/obj/stm32_dma.o
                                                  build/obj/vectors.o
Vector124                                         build/obj/stm32_dma.o
                                                  build/obj/vectors.o
Vector128                                         build/obj/stm32_dma.o
                                                  build/obj/vectors.o
Vector12C                                         build/obj/stm32_dma.o
                                                  build/obj/vectors.o
Vector130                                         build/obj/stm32_dma.o
                                                  build/obj/vectors.o
Vector134                                         build/obj/vectors.o
Vector138                                         build/obj/vectors.o
Vector13C                                         build/obj/vectors.o
Vector140                                         build/obj/vectors.o
Vector144                                         build/obj/vectors.o
Vector148                                         build/obj/vectors.o
Vector14C                                         build/obj/vectors.o
Vector150                                         build/obj/stm32_dma.o
                                                  build/obj/vectors.o
Vector154                                         build/obj/stm32_dma.o
                                                  build/obj/vectors.o
Vector158                                         build/obj/stm32_dma.o
                                                  build/obj/vectors.o
Vector15C                                         build/obj/vectors.o
Vector160                                         build/obj/vectors.o
Vector164                                         build/obj/vectors.o
Vector168                                         build/obj/vectors.o
Vector16C                                         build/obj/vectors.o
Vector170                                         build/obj/vectors.o
Vector174                                         build/obj/vectors.o
Vector178                                         build/obj/vectors.o
Vector17C                                         build/obj/vectors.o
Vector180                                         build/obj/vectors.o
Vector184                                         build/obj/vectors.o
Vector1C                                          build/obj/vectors.o
Vector20                                          build/obj/vectors.o
Vector24                                          build/obj/vectors.o
Vector28                                          build/obj/vectors.o
Vector34                                          build/obj/vectors.o
Vector40                                          build/obj/vectors.o
Vector44                                          build/obj/vectors.o
Vector48                                          build/obj/vectors.o
Vector4C                                          build/obj/vectors.o
Vector50                                          build/obj/vectors.o
Vector54                                          build/obj/vectors.o
Vector58                                          build/obj/vectors.o
Vector5C                                          build/obj/vectors.o
Vector60                                          build/obj/vectors.o
Vector64                                          build/obj/vectors.o
Vector68                                          build/obj/vectors.o
Vector6C                                          build/obj/stm32_dma.o
                                                  build/obj/vectors.o
Vector70                                          build/obj/stm32_dma.o
                                                  build/obj/vectors.o
Vector74                                          build/obj/stm32_dma.o
                                                  build/obj/vectors.o
Vector78                                          build/obj/stm32_dma.o
                                                  build/obj/vectors.o
Vector7C                                          build/obj/stm32_dma.o
                                                  build/obj/vectors.o
Vector80                                          build/obj/stm32_dma.o
                                                  build/obj/vectors.o
Vector84                                          build/obj/stm32_dma.o
                                                  build/obj/vectors.o
Vector88                                          build/obj/adc_lld.o
                                                  build/obj/vectors.o
Vector8C                                          build/obj/vectors.o
Vector90                                          build/obj/vectors.o
Vector94                                          build/obj/vectors.o
Vector98                                          build/obj/vectors.o
Vector9C                                          build/obj/vectors.o
VectorA0                                          build/obj/vectors.o
VectorA4                                          build/obj/vectors.o
VectorA8                                          build/obj/vectors.o
VectorAC                                          build/obj/vectors.o
VectorB0                                          build/obj/vectors.o
VectorB4                                          build/obj/vectors.o
VectorB8                                          build/obj/pwm_lld.o
                                                  build/obj/vectors.o
VectorBC                                          build/obj/vectors.o
VectorC0                                          build/obj/vectors.o
VectorC4                                          build/obj/vectors.o
VectorC8                                          build/obj/vectors.o
VectorCC                                          build/obj/vectors.o
VectorD0                                          build/obj/vectors.o
VectorD4                                          build/obj/vectors.o
VectorD8                                          build/obj/serial_lld.o
                                                  build/obj/vectors.o
VectorDC                                          build/obj/vectors.o
VectorE0                                          build/obj/vectors.o
VectorE4                                          build/obj/vectors.o
VectorE8                                          build/obj/vectors.o
VectorEC                                          build/obj/vectors.o
VectorF0                                          build/obj/vectors.o
VectorF4                                          build/obj/vectors.o
VectorF8                                          build/obj/vectors.o
VectorFC                                          build/obj/stm32_dma.o
                                                  build/obj/vectors.o
__early_init                                      build/obj/board.o
                                                  build/obj/crt0.o
__fini_array_end                                  build/obj/crt0.o
__fini_array_start                                build/obj/crt0.o
__heap_base__                                     build/obj/chmemcore.o
__heap_end__                                      build/obj/chmemcore.o
__init_array_end                                  build/obj/crt0.o
__init_array_start                                build/obj/crt0.o
__late_init                                       build/obj/crt0.o
__main_stack_base__                               build/obj/crt0.o
__main_stack_end__                                build/obj/vectors.o
                                                  build/obj/crt0.o
__process_stack_base__                            build/obj/crt0.o
__process_stack_end__                             build/obj/crt0.o
_bss_end                                          build/obj/crt0.o
_bss_start                                        build/obj/crt0.o
_core_init                                        build/obj/chmemcore.o
                                                  build/obj/chsys.o
_data                                             build/obj/crt0.o
_default_exit                                     build/obj/crt0.o
_edata                                            build/obj/crt0.o
_heap_init                                        build/obj/chheap.o
                                                  build/obj/chsys.o
_idle_thread                                      build/obj/chsys.o
_idle_thread_wa                                   build/obj/chsys.o
_pal_lld_init                                     build/obj/pal_lld.o
                                                  build/obj/hal.o
_pal_lld_setgroupmode                             build/obj/pal_lld.o
                                                  build/obj/main.o
                                                  build/obj/pal.o
_port_init                                        build/obj/chcore_v7m.o
                                                  build/obj/chsys.o
_port_irq_epilogue                                build/obj/chcore_v7m.o
                                                  build/obj/serial_lld.o
                                                  build/obj/pwm_lld.o
                                                  build/obj/adc_lld.o
                                                  build/obj/stm32_dma.o
_port_switch                                      build/obj/chcore_v7m.o
                                                  build/obj/chschd.o
_port_switch_from_isr                             build/obj/chcore_v7m.o
_port_thread_start                                build/obj/chcore_v7m.o
                                                  build/obj/chthreads.o
_scheduler_init                                   build/obj/chschd.o
                                                  build/obj/chsys.o
_stm32_dma_streams                                build/obj/stm32_dma.o
                                                  build/obj/spi_lld.o
                                                  build/obj/adc_lld.o
_test_assert                                      build/obj/test.o
                                                  build/obj/testqueues.o
                                                  build/obj/testdyn.o
                                                  build/obj/testpools.o
                                                  build/obj/testheap.o
                                                  build/obj/testevt.o
                                                  build/obj/testmbox.o
                                                  build/obj/testmtx.o
                                                  build/obj/testsem.o
                                                  build/obj/testthd.o
_test_assert_sequence                             build/obj/test.o
                                                  build/obj/testqueues.o
                                                  build/obj/testdyn.o
                                                  build/obj/testevt.o
                                                  build/obj/testmbox.o
                                                  build/obj/testmsg.o
                                                  build/obj/testmtx.o
                                                  build/obj/testsem.o
                                                  build/obj/testthd.o
_test_assert_time_window                          build/obj/test.o
                                                  build/obj/testevt.o
                                                  build/obj/testmtx.o
                                                  build/obj/testsem.o
                                                  build/obj/testthd.o
_test_fail                                        build/obj/test.o
_textdata                                         build/obj/crt0.o
_thread_init                                      build/obj/chthreads.o
                                                  build/obj/chsys.o
_unhandled_exception                              build/obj/vectors.o
_vectors                                          build/obj/vectors.o
_vt_init                                          build/obj/chvt.o
                                                  build/obj/chsys.o
adcAcquireBus                                     build/obj/adc.o
adcConvert                                        build/obj/adc.o
adcInit                                           build/obj/adc.o
                                                  build/obj/hal.o
adcObjectInit                                     build/obj/adc.o
                                                  build/obj/adc_lld.o
adcReleaseBus                                     build/obj/adc.o
adcSTM32DisableTSVREFE                            build/obj/adc_lld.o
adcSTM32DisableVBATE                              build/obj/adc_lld.o
adcSTM32EnableTSVREFE                             build/obj/adc_lld.o
adcSTM32EnableVBATE                               build/obj/adc_lld.o
adcStart                                          build/obj/adc.o
adcStartConversion                                build/obj/adc.o
adcStartConversionI                               build/obj/adc.o
adcStop                                           build/obj/adc.o
adcStopConversion                                 build/obj/adc.o
adcStopConversionI                                build/obj/adc.o
adc_lld_init                                      build/obj/adc_lld.o
                                                  build/obj/adc.o
adc_lld_start                                     build/obj/adc_lld.o
                                                  build/obj/adc.o
adc_lld_start_conversion                          build/obj/adc_lld.o
                                                  build/obj/adc.o
adc_lld_stop                                      build/obj/adc_lld.o
                                                  build/obj/adc.o
adc_lld_stop_conversion                           build/obj/adc_lld.o
                                                  build/obj/adc.o
boardInit                                         build/obj/board.o
                                                  build/obj/hal.o
chCondBroadcast                                   build/obj/chcond.o
                                                  build/obj/testmtx.o
chCondBroadcastI                                  build/obj/chcond.o
chCondInit                                        build/obj/chcond.o
                                                  build/obj/testmtx.o
chCondSignal                                      build/obj/chcond.o
                                                  build/obj/testmtx.o
chCondSignalI                                     build/obj/chcond.o
                                                  build/obj/testmtx.o
chCondWait                                        build/obj/chcond.o
                                                  build/obj/testmtx.o
chCondWaitS                                       build/obj/chcond.o
chCondWaitTimeout                                 build/obj/chcond.o
                                                  build/obj/testmtx.o
chCondWaitTimeoutS                                build/obj/chcond.o
chCoreAlloc                                       build/obj/chmemcore.o
                                                  build/obj/chheap.o
chCoreAllocI                                      build/obj/chmemcore.o
chCoreStatus                                      build/obj/chmemcore.o
                                                  build/obj/testheap.o
chEvtAddFlags                                     build/obj/chevents.o
                                                  build/obj/testevt.o
chEvtBroadcastFlags                               build/obj/chevents.o
                                                  build/obj/testevt.o
chEvtBroadcastFlagsI                              build/obj/chevents.o
                                                  build/obj/serial_lld.o
                                                  build/obj/serial.o
chEvtClearFlags                                   build/obj/chevents.o
                                                  build/obj/testevt.o
chEvtDispatch                                     build/obj/chevents.o
                                                  build/obj/testevt.o
chEvtRegisterMask                                 build/obj/chevents.o
                                                  build/obj/testevt.o
chEvtSignalFlags                                  build/obj/chevents.o
                                                  build/obj/testevt.o
chEvtSignalFlagsI                                 build/obj/chevents.o
chEvtUnregister                                   build/obj/chevents.o
                                                  build/obj/testevt.o
chEvtWaitAll                                      build/obj/chevents.o
                                                  build/obj/testevt.o
chEvtWaitAllTimeout                               build/obj/chevents.o
                                                  build/obj/testevt.o
chEvtWaitAny                                      build/obj/chevents.o
                                                  build/obj/testevt.o
chEvtWaitAnyTimeout                               build/obj/chevents.o
                                                  build/obj/testevt.o
chEvtWaitOne                                      build/obj/chevents.o
                                                  build/obj/testevt.o
chEvtWaitOneTimeout                               build/obj/chevents.o
                                                  build/obj/testevt.o
chHeapAlloc                                       build/obj/chheap.o
                                                  build/obj/testdyn.o
                                                  build/obj/testheap.o
                                                  build/obj/chdynamic.o
chHeapFree                                        build/obj/chheap.o
                                                  build/obj/testdyn.o
                                                  build/obj/testheap.o
                                                  build/obj/chdynamic.o
chHeapInit                                        build/obj/chheap.o
                                                  build/obj/testdyn.o
                                                  build/obj/testheap.o
chHeapStatus                                      build/obj/chheap.o
                                                  build/obj/testdyn.o
                                                  build/obj/testheap.o
chIQGetTimeout                                    build/obj/chqueues.o
                                                  build/obj/serial.o
                                                  build/obj/testbmk.o
                                                  build/obj/testqueues.o
chIQInit                                          build/obj/chqueues.o
                                                  build/obj/serial.o
                                                  build/obj/testbmk.o
                                                  build/obj/testqueues.o
chIQPutI                                          build/obj/chqueues.o
                                                  build/obj/serial.o
                                                  build/obj/testbmk.o
                                                  build/obj/testqueues.o
chIQReadTimeout                                   build/obj/chqueues.o
                                                  build/obj/serial.o
                                                  build/obj/testqueues.o
chIQResetI                                        build/obj/chqueues.o
                                                  build/obj/serial.o
                                                  build/obj/testqueues.o
chMBFetch                                         build/obj/chmboxes.o
                                                  build/obj/testmbox.o
chMBFetchI                                        build/obj/chmboxes.o
                                                  build/obj/testmbox.o
chMBFetchS                                        build/obj/chmboxes.o
chMBInit                                          build/obj/chmboxes.o
                                                  build/obj/testmbox.o
chMBPost                                          build/obj/chmboxes.o
                                                  build/obj/testmbox.o
chMBPostAhead                                     build/obj/chmboxes.o
                                                  build/obj/testmbox.o
chMBPostAheadI                                    build/obj/chmboxes.o
                                                  build/obj/testmbox.o
chMBPostAheadS                                    build/obj/chmboxes.o
chMBPostI                                         build/obj/chmboxes.o
                                                  build/obj/testmbox.o
chMBPostS                                         build/obj/chmboxes.o
chMBReset                                         build/obj/chmboxes.o
                                                  build/obj/testmbox.o
chMsgRelease                                      build/obj/chmsg.o
                                                  build/obj/testbmk.o
                                                  build/obj/testmsg.o
chMsgSend                                         build/obj/chmsg.o
                                                  build/obj/testbmk.o
                                                  build/obj/testmsg.o
chMsgWait                                         build/obj/chmsg.o
                                                  build/obj/testbmk.o
                                                  build/obj/testmsg.o
chMtxInit                                         build/obj/chmtx.o
                                                  build/obj/spi.o
                                                  build/obj/adc.o
                                                  build/obj/testbmk.o
                                                  build/obj/testmtx.o
                                                  build/obj/chheap.o
chMtxLock                                         build/obj/chmtx.o
                                                  build/obj/spi.o
                                                  build/obj/adc.o
                                                  build/obj/testbmk.o
                                                  build/obj/testmtx.o
                                                  build/obj/chheap.o
chMtxLockS                                        build/obj/chmtx.o
                                                  build/obj/chcond.o
chMtxTryLock                                      build/obj/chmtx.o
                                                  build/obj/testmtx.o
chMtxTryLockS                                     build/obj/chmtx.o
chMtxUnlock                                       build/obj/chmtx.o
                                                  build/obj/spi.o
                                                  build/obj/adc.o
                                                  build/obj/testbmk.o
                                                  build/obj/testmtx.o
                                                  build/obj/chheap.o
chMtxUnlockAll                                    build/obj/chmtx.o
                                                  build/obj/testmtx.o
chMtxUnlockS                                      build/obj/chmtx.o
                                                  build/obj/testmtx.o
                                                  build/obj/chcond.o
chOQGetI                                          build/obj/chqueues.o
                                                  build/obj/serial_lld.o
                                                  build/obj/serial.o
                                                  build/obj/testqueues.o
chOQInit                                          build/obj/chqueues.o
                                                  build/obj/serial.o
                                                  build/obj/testqueues.o
chOQPutTimeout                                    build/obj/chqueues.o
                                                  build/obj/serial.o
                                                  build/obj/testqueues.o
chOQResetI                                        build/obj/chqueues.o
                                                  build/obj/serial.o
                                                  build/obj/testqueues.o
chOQWriteTimeout                                  build/obj/chqueues.o
                                                  build/obj/serial.o
                                                  build/obj/testqueues.o
chPoolAlloc                                       build/obj/chmempools.o
                                                  build/obj/testdyn.o
                                                  build/obj/testpools.o
                                                  build/obj/chdynamic.o
chPoolAllocI                                      build/obj/chmempools.o
chPoolFree                                        build/obj/chmempools.o
                                                  build/obj/testdyn.o
                                                  build/obj/testpools.o
                                                  build/obj/chdynamic.o
chPoolFreeI                                       build/obj/chmempools.o
chPoolInit                                        build/obj/chmempools.o
                                                  build/obj/testdyn.o
                                                  build/obj/testpools.o
chRegFirstThread                                  build/obj/chregistry.o
                                                  build/obj/testdyn.o
chRegNextThread                                   build/obj/chregistry.o
                                                  build/obj/testdyn.o
chSchDoReschedule                                 build/obj/chschd.o
                                                  build/obj/chthreads.o
                                                  build/obj/chcore_v7m.o
chSchGoSleepS                                     build/obj/chschd.o
                                                  build/obj/spi.o
                                                  build/obj/adc.o
                                                  build/obj/testbmk.o
                                                  build/obj/chmsg.o
                                                  build/obj/chevents.o
                                                  build/obj/chcond.o
                                                  build/obj/chmtx.o
                                                  build/obj/chsem.o
                                                  build/obj/chthreads.o
chSchGoSleepTimeoutS                              build/obj/chschd.o
                                                  build/obj/chqueues.o
                                                  build/obj/chevents.o
                                                  build/obj/chcond.o
                                                  build/obj/chsem.o
                                                  build/obj/chthreads.o
chSchReadyI                                       build/obj/chschd.o
                                                  build/obj/spi_lld.o
                                                  build/obj/adc_lld.o
                                                  build/obj/adc.o
                                                  build/obj/chqueues.o
                                                  build/obj/chmsg.o
                                                  build/obj/chevents.o
                                                  build/obj/chcond.o
                                                  build/obj/chmtx.o
                                                  build/obj/chsem.o
                                                  build/obj/chthreads.o
chSchRescheduleS                                  build/obj/chschd.o
                                                  build/obj/serial.o
                                                  build/obj/testmtx.o
                                                  build/obj/testsem.o
                                                  build/obj/chmboxes.o
                                                  build/obj/chevents.o
                                                  build/obj/chcond.o
                                                  build/obj/chmtx.o
                                                  build/obj/chsem.o
                                                  build/obj/chthreads.o
chSchWakeupS                                      build/obj/chschd.o
                                                  build/obj/adc.o
                                                  build/obj/testbmk.o
                                                  build/obj/chmsg.o
                                                  build/obj/chcond.o
                                                  build/obj/chmtx.o
                                                  build/obj/chsem.o
                                                  build/obj/chdynamic.o
                                                  build/obj/chthreads.o
chSemAddCounterI                                  build/obj/chsem.o
                                                  build/obj/testsem.o
chSemInit                                         build/obj/chsem.o
                                                  build/obj/testbmk.o
                                                  build/obj/testsem.o
                                                  build/obj/chmboxes.o
chSemReset                                        build/obj/chsem.o
                                                  build/obj/testbmk.o
                                                  build/obj/testsem.o
chSemResetI                                       build/obj/chsem.o
                                                  build/obj/chmboxes.o
chSemSignal                                       build/obj/chsem.o
                                                  build/obj/testbmk.o
                                                  build/obj/testsem.o
chSemSignalI                                      build/obj/chsem.o
                                                  build/obj/testsem.o
                                                  build/obj/chmboxes.o
chSemSignalWait                                   build/obj/chsem.o
                                                  build/obj/testsem.o
chSemWait                                         build/obj/chsem.o
                                                  build/obj/testbmk.o
                                                  build/obj/testsem.o
chSemWaitS                                        build/obj/chsem.o
chSemWaitTimeout                                  build/obj/chsem.o
                                                  build/obj/testsem.o
chSemWaitTimeoutS                                 build/obj/chsem.o
                                                  build/obj/chmboxes.o
chSysInit                                         build/obj/chsys.o
                                                  build/obj/main.o
chSysTimerHandlerI                                build/obj/chsys.o
                                                  build/obj/chcore_v7m.o
chThdAddRef                                       build/obj/chdynamic.o
                                                  build/obj/testdyn.o
chThdCreateFromHeap                               build/obj/chdynamic.o
                                                  build/obj/testdyn.o
chThdCreateFromMemoryPool                         build/obj/chdynamic.o
                                                  build/obj/testdyn.o
chThdCreateI                                      build/obj/chthreads.o
                                                  build/obj/testthd.o
                                                  build/obj/chdynamic.o
chThdCreateStatic                                 build/obj/chthreads.o
                                                  build/obj/testbmk.o
                                                  build/obj/testqueues.o
                                                  build/obj/testevt.o
                                                  build/obj/testmsg.o
                                                  build/obj/testmtx.o
                                                  build/obj/testsem.o
                                                  build/obj/testthd.o
                                                  build/obj/chsys.o
chThdExit                                         build/obj/chthreads.o
                                                  build/obj/chcore_v7m.o
chThdExitS                                        build/obj/chthreads.o
chThdRelease                                      build/obj/chdynamic.o
                                                  build/obj/testdyn.o
                                                  build/obj/chregistry.o
                                                  build/obj/chthreads.o
chThdResume                                       build/obj/chthreads.o
                                                  build/obj/testthd.o
chThdSetPriority                                  build/obj/chthreads.o
                                                  build/obj/testthd.o
chThdSleep                                        build/obj/chthreads.o
                                                  build/obj/main.o
                                                  build/obj/testbmk.o
                                                  build/obj/testdyn.o
                                                  build/obj/testevt.o
                                                  build/obj/testmtx.o
                                                  build/obj/testsem.o
                                                  build/obj/testthd.o
                                                  build/obj/test.o
chThdSleepUntil                                   build/obj/chthreads.o
                                                  build/obj/testthd.o
chThdTerminate                                    build/obj/chthreads.o
                                                  build/obj/test.o
chThdWait                                         build/obj/chthreads.o
                                                  build/obj/testbmk.o
                                                  build/obj/test.o
chThdYield                                        build/obj/chthreads.o
                                                  build/obj/testbmk.o
chTimeIsWithin                                    build/obj/chvt.o
                                                  build/obj/test.o
chVTResetI                                        build/obj/chvt.o
                                                  build/obj/testbmk.o
                                                  build/obj/chschd.o
chVTSetI                                          build/obj/chvt.o
                                                  build/obj/testbmk.o
                                                  build/obj/test.o
                                                  build/obj/chschd.o
ch_debug                                          build/obj/chregistry.o
                                                  build/obj/chsys.o
chprintf                                          build/obj/chprintf.o
dmaInit                                           build/obj/stm32_dma.o
                                                  build/obj/hal_lld.o
dmaStreamAllocate                                 build/obj/stm32_dma.o
                                                  build/obj/spi_lld.o
                                                  build/obj/adc_lld.o
dmaStreamRelease                                  build/obj/stm32_dma.o
                                                  build/obj/spi_lld.o
                                                  build/obj/adc_lld.o
halInit                                           build/obj/hal.o
                                                  build/obj/main.o
halIsCounterWithin                                build/obj/hal.o
halPolledDelay                                    build/obj/hal.o
hal_lld_init                                      build/obj/hal_lld.o
                                                  build/obj/hal.o
lis302dlReadRegister                              build/obj/lis302dl.o
lis302dlWriteRegister                             build/obj/lis302dl.o
main                                              build/obj/main.o
                                                  build/obj/crt0.o
nvicDisableVector                                 build/obj/nvic.o
                                                  build/obj/serial_lld.o
                                                  build/obj/pwm_lld.o
                                                  build/obj/stm32_dma.o
nvicEnableVector                                  build/obj/nvic.o
                                                  build/obj/serial_lld.o
                                                  build/obj/pwm_lld.o
                                                  build/obj/adc_lld.o
                                                  build/obj/stm32_dma.o
nvicSetSystemHandlerPriority                      build/obj/nvic.o
                                                  build/obj/chcore_v7m.o
palReadBus                                        build/obj/pal.o
palSetBusMode                                     build/obj/pal.o
palWriteBus                                       build/obj/pal.o
pal_default_config                                build/obj/board.o
                                                  build/obj/hal.o
patternbmk                                        build/obj/testbmk.o
                                                  build/obj/test.o
patterndyn                                        build/obj/testdyn.o
                                                  build/obj/test.o
patternevt                                        build/obj/testevt.o
                                                  build/obj/test.o
patternheap                                       build/obj/testheap.o
                                                  build/obj/test.o
patternmbox                                       build/obj/testmbox.o
                                                  build/obj/test.o
patternmsg                                        build/obj/testmsg.o
                                                  build/obj/test.o
patternmtx                                        build/obj/testmtx.o
                                                  build/obj/test.o
patternpools                                      build/obj/testpools.o
                                                  build/obj/test.o
patternqueues                                     build/obj/testqueues.o
                                                  build/obj/test.o
patternsem                                        build/obj/testsem.o
                                                  build/obj/test.o
patternthd                                        build/obj/testthd.o
                                                  build/obj/test.o
port_halt                                         build/obj/chcore.o
                                                  build/obj/spi_lld.o
pwmChangePeriod                                   build/obj/pwm.o
pwmDisableChannel                                 build/obj/pwm.o
pwmEnableChannel                                  build/obj/pwm.o
pwmInit                                           build/obj/pwm.o
                                                  build/obj/hal.o
pwmObjectInit                                     build/obj/pwm.o
                                                  build/obj/pwm_lld.o
pwmStart                                          build/obj/pwm.o
pwmStop                                           build/obj/pwm.o
pwm_lld_disable_channel                           build/obj/pwm_lld.o
                                                  build/obj/pwm.o
pwm_lld_enable_channel                            build/obj/pwm_lld.o
                                                  build/obj/pwm.o
pwm_lld_init                                      build/obj/pwm_lld.o
                                                  build/obj/pwm.o
pwm_lld_start                                     build/obj/pwm_lld.o
                                                  build/obj/pwm.o
pwm_lld_stop                                      build/obj/pwm_lld.o
                                                  build/obj/pwm.o
rlist                                             build/obj/chschd.o
                                                  build/obj/spi.o
                                                  build/obj/adc.o
                                                  build/obj/testbmk.o
                                                  build/obj/testqueues.o
                                                  build/obj/testdyn.o
                                                  build/obj/testevt.o
                                                  build/obj/testmsg.o
                                                  build/obj/testmtx.o
                                                  build/obj/testsem.o
                                                  build/obj/testthd.o
                                                  build/obj/test.o
                                                  build/obj/chqueues.o
                                                  build/obj/chmsg.o
                                                  build/obj/chevents.o
                                                  build/obj/chcond.o
                                                  build/obj/chmtx.o
                                                  build/obj/chsem.o
                                                  build/obj/chregistry.o
                                                  build/obj/chthreads.o
                                                  build/obj/chsys.o
                                                  build/obj/chcore_v7m.o
sdIncomingDataI                                   build/obj/serial.o
                                                  build/obj/serial_lld.o
sdInit                                            build/obj/serial.o
                                                  build/obj/hal.o
sdObjectInit                                      build/obj/serial.o
                                                  build/obj/serial_lld.o
sdRequestDataI                                    build/obj/serial.o
sdStart                                           build/obj/serial.o
sdStop                                            build/obj/serial.o
sd_lld_init                                       build/obj/serial_lld.o
                                                  build/obj/serial.o
sd_lld_start                                      build/obj/serial_lld.o
                                                  build/obj/serial.o
sd_lld_stop                                       build/obj/serial_lld.o
                                                  build/obj/serial.o
spiAcquireBus                                     build/obj/spi.o
spiExchange                                       build/obj/spi.o
                                                  build/obj/lis302dl.o
spiIgnore                                         build/obj/spi.o
spiInit                                           build/obj/spi.o
                                                  build/obj/hal.o
spiObjectInit                                     build/obj/spi.o
                                                  build/obj/spi_lld.o
spiReceive                                        build/obj/spi.o
spiReleaseBus                                     build/obj/spi.o
spiSelect                                         build/obj/spi.o
                                                  build/obj/lis302dl.o
spiSend                                           build/obj/spi.o
                                                  build/obj/lis302dl.o
spiStart                                          build/obj/spi.o
spiStartExchange                                  build/obj/spi.o
spiStartIgnore                                    build/obj/spi.o
spiStartReceive                                   build/obj/spi.o
spiStartSend                                      build/obj/spi.o
spiStop                                           build/obj/spi.o
spiUnselect                                       build/obj/spi.o
                                                  build/obj/lis302dl.o
spi_lld_exchange                                  build/obj/spi_lld.o
                                                  build/obj/spi.o
spi_lld_ignore                                    build/obj/spi_lld.o
                                                  build/obj/spi.o
spi_lld_init                                      build/obj/spi_lld.o
                                                  build/obj/spi.o
spi_lld_polled_exchange                           build/obj/spi_lld.o
spi_lld_receive                                   build/obj/spi_lld.o
                                                  build/obj/spi.o
spi_lld_select                                    build/obj/spi_lld.o
                                                  build/obj/spi.o
spi_lld_send                                      build/obj/spi_lld.o
                                                  build/obj/spi.o
spi_lld_start                                     build/obj/spi_lld.o
                                                  build/obj/spi.o
spi_lld_stop                                      build/obj/spi_lld.o
                                                  build/obj/spi.o
spi_lld_unselect                                  build/obj/spi_lld.o
                                                  build/obj/spi.o
stm32_clock_init                                  build/obj/hal_lld.o
                                                  build/obj/board.o
test                                              build/obj/test.o
                                                  build/obj/testqueues.o
                                                  build/obj/testdyn.o
                                                  build/obj/testheap.o
                                                  build/obj/testmbox.o
test_cpu_pulse                                    build/obj/test.o
                                                  build/obj/testmtx.o
test_emit_token                                   build/obj/test.o
                                                  build/obj/testqueues.o
                                                  build/obj/testdyn.o
                                                  build/obj/testevt.o
                                                  build/obj/testmbox.o
                                                  build/obj/testmsg.o
                                                  build/obj/testmtx.o
                                                  build/obj/testsem.o
                                                  build/obj/testthd.o
test_print                                        build/obj/test.o
                                                  build/obj/testbmk.o
test_println                                      build/obj/test.o
                                                  build/obj/testbmk.o
test_printn                                       build/obj/test.o
                                                  build/obj/testbmk.o
test_start_timer                                  build/obj/test.o
                                                  build/obj/testbmk.o
test_terminate_threads                            build/obj/test.o
                                                  build/obj/testbmk.o
test_timer_done                                   build/obj/test.o
                                                  build/obj/testbmk.o